Component: ARM Compiler 5.06 update 6 (build 750) Tool: armlink [4d35ed]

==============================================================================

Section Cross References

    led.o(i.flashLED) refers to led.o(i.setLED) for setLED
    led.o(i.flashLED) refers to led.o(i.delay) for delay
    led.o(i.greenLEDControl) refers to led.o(i.greenRunning) for greenRunning
    led.o(i.greenLEDControl) refers to led.o(i.greenStationary) for greenStationary
    led.o(i.greenRunning) refers to led.o(i.offAllGreenLEDs) for offAllGreenLEDs
    led.o(i.greenRunning) refers to led.o(i.flashLED) for flashLED
    led.o(i.greenRunning) refers to led.o(.data) for greenPinsB
    led.o(i.greenStationary) refers to led.o(i.onAllGreenLEDS) for onAllGreenLEDS
    led.o(i.initLEDs) refers to led.o(.data) for greenPinsB
    led.o(i.main) refers to led.o(i.initLEDs) for initLEDs
    led.o(i.main) refers to system_mkl25z4.o(i.SystemCoreClockUpdate) for SystemCoreClockUpdate
    led.o(i.main) refers to led.o(i.redLEDControl) for redLEDControl
    led.o(i.main) refers to led.o(i.greenLEDControl) for greenLEDControl
    led.o(i.main) refers to led.o(i.delay) for delay
    led.o(i.offAllGreenLEDs) refers to led.o(i.setLED) for setLED
    led.o(i.offAllGreenLEDs) refers to led.o(.data) for greenPinsB
    led.o(i.offAllRedLEDs) refers to led.o(i.setLED) for setLED
    led.o(i.offAllRedLEDs) refers to led.o(.data) for redPinsE
    led.o(i.onAllGreenLEDS) refers to led.o(i.setLED) for setLED
    led.o(i.onAllGreenLEDS) refers to led.o(.data) for greenPinsB
    led.o(i.onAllRedLEDs) refers to led.o(i.setLED) for setLED
    led.o(i.onAllRedLEDs) refers to led.o(.data) for redPinsE
    led.o(i.redLEDControl) refers to led.o(i.redRunning) for redRunning
    led.o(i.redLEDControl) refers to led.o(i.redStationary) for redStationary
    led.o(i.redRunning) refers to led.o(i.onAllRedLEDs) for onAllRedLEDs
    led.o(i.redRunning) refers to led.o(i.delay) for delay
    led.o(i.redRunning) refers to led.o(i.offAllRedLEDs) for offAllRedLEDs
    led.o(i.redStationary) refers to led.o(i.onAllRedLEDs) for onAllRedLEDs
    led.o(i.redStationary) refers to led.o(i.delay) for delay
    led.o(i.redStationary) refers to led.o(i.offAllRedLEDs) for offAllRedLEDs
    startup_mkl25z4.o(RESET) refers to startup_mkl25z4.o(STACK) for __initial_sp
    startup_mkl25z4.o(RESET) refers to startup_mkl25z4.o(.text) for Reset_Handler
    startup_mkl25z4.o(.text) refers to system_mkl25z4.o(i.SystemInit) for SystemInit
    startup_mkl25z4.o(.text) refers to entry.o(.ARM.Collect$$$$00000000) for __main
    system_mkl25z4.o(i.SystemCoreClockUpdate) refers to uidiv.o(.text) for __aeabi_uidivmod
    system_mkl25z4.o(i.SystemCoreClockUpdate) refers to system_mkl25z4.o(i.__ARM_common_switch8) for __ARM_common_switch8
    system_mkl25z4.o(i.SystemCoreClockUpdate) refers to system_mkl25z4.o(.data) for SystemCoreClock
    entry.o(.ARM.Collect$$$$00000000) refers (Special) to entry10a.o(.ARM.Collect$$$$0000000D) for __rt_final_cpp
    entry.o(.ARM.Collect$$$$00000000) refers (Special) to entry11a.o(.ARM.Collect$$$$0000000F) for __rt_final_exit
    entry.o(.ARM.Collect$$$$00000000) refers (Special) to entry7b.o(.ARM.Collect$$$$00000008) for _main_clock
    entry.o(.ARM.Collect$$$$00000000) refers (Special) to entry8b.o(.ARM.Collect$$$$0000000A) for _main_cpp_init
    entry.o(.ARM.Collect$$$$00000000) refers (Special) to entry9a.o(.ARM.Collect$$$$0000000B) for _main_init
    entry.o(.ARM.Collect$$$$00000000) refers (Special) to entry5.o(.ARM.Collect$$$$00000004) for _main_scatterload
    entry.o(.ARM.Collect$$$$00000000) refers (Special) to entry2.o(.ARM.Collect$$$$00000001) for _main_stk
    entry2.o(.ARM.Collect$$$$00000001) refers to entry2.o(.ARM.Collect$$$$00002712) for __lit__00000000
    entry2.o(.ARM.Collect$$$$00002712) refers to startup_mkl25z4.o(STACK) for __initial_sp
    entry2.o(__vectab_stack_and_reset_area) refers to startup_mkl25z4.o(STACK) for __initial_sp
    entry2.o(__vectab_stack_and_reset_area) refers to entry.o(.ARM.Collect$$$$00000000) for __main
    entry5.o(.ARM.Collect$$$$00000004) refers to init.o(.text) for __scatterload
    entry9a.o(.ARM.Collect$$$$0000000B) refers to led.o(i.main) for main
    entry9b.o(.ARM.Collect$$$$0000000C) refers to led.o(i.main) for main
    init.o(.text) refers to entry5.o(.ARM.Collect$$$$00000004) for __main_after_scatterload


==============================================================================

Removing Unused input sections from the image.

    Removing led.o(.rev16_text), (4 bytes).
    Removing led.o(.revsh_text), (4 bytes).
    Removing startup_mkl25z4.o(HEAP), (0 bytes).
    Removing system_mkl25z4.o(.rev16_text), (4 bytes).
    Removing system_mkl25z4.o(.revsh_text), (4 bytes).

5 unused section(s) (total 16 bytes) removed from the image.

==============================================================================

Image Symbol Table

    Local Symbols

    Symbol Name                              Value     Ov Type        Size  Object(Section)

    RESET                                    0x00000000   Section      192  startup_mkl25z4.o(RESET)
    ../clib/microlib/division.c              0x00000000   Number         0  uidiv.o ABSOLUTE
    ../clib/microlib/init/entry.s            0x00000000   Number         0  entry.o ABSOLUTE
    ../clib/microlib/init/entry.s            0x00000000   Number         0  entry11b.o ABSOLUTE
    ../clib/microlib/init/entry.s            0x00000000   Number         0  entry11a.o ABSOLUTE
    ../clib/microlib/init/entry.s            0x00000000   Number         0  entry10b.o ABSOLUTE
    ../clib/microlib/init/entry.s            0x00000000   Number         0  entry10a.o ABSOLUTE
    ../clib/microlib/init/entry.s            0x00000000   Number         0  entry9b.o ABSOLUTE
    ../clib/microlib/init/entry.s            0x00000000   Number         0  entry9a.o ABSOLUTE
    ../clib/microlib/init/entry.s            0x00000000   Number         0  entry8b.o ABSOLUTE
    ../clib/microlib/init/entry.s            0x00000000   Number         0  entry8a.o ABSOLUTE
    ../clib/microlib/init/entry.s            0x00000000   Number         0  entry7b.o ABSOLUTE
    ../clib/microlib/init/entry.s            0x00000000   Number         0  entry7a.o ABSOLUTE
    ../clib/microlib/init/entry.s            0x00000000   Number         0  entry5.o ABSOLUTE
    ../clib/microlib/init/entry.s            0x00000000   Number         0  entry2.o ABSOLUTE
    RTE\Device\MKL25Z128xxx4\startup_MKL25Z4.s 0x00000000   Number         0  startup_mkl25z4.o ABSOLUTE
    RTE\Device\MKL25Z128xxx4\system_MKL25Z4.c 0x00000000   Number         0  system_mkl25z4.o ABSOLUTE
    RTE\\Device\\MKL25Z128xxx4\\system_MKL25Z4.c 0x00000000   Number         0  system_mkl25z4.o ABSOLUTE
    dc.s                                     0x00000000   Number         0  dc.o ABSOLUTE
    handlers.s                               0x00000000   Number         0  handlers.o ABSOLUTE
    init.s                                   0x00000000   Number         0  init.o ABSOLUTE
    led.c                                    0x00000000   Number         0  led.o ABSOLUTE
    led.c                                    0x00000000   Number         0  led.o ABSOLUTE
    .ARM.Collect$$$$00000000                 0x000000c0   Section        0  entry.o(.ARM.Collect$$$$00000000)
    .ARM.Collect$$$$00000001                 0x000000c0   Section        4  entry2.o(.ARM.Collect$$$$00000001)
    .ARM.Collect$$$$00000004                 0x000000c4   Section        4  entry5.o(.ARM.Collect$$$$00000004)
    .ARM.Collect$$$$00000008                 0x000000c8   Section        0  entry7b.o(.ARM.Collect$$$$00000008)
    .ARM.Collect$$$$0000000A                 0x000000c8   Section        0  entry8b.o(.ARM.Collect$$$$0000000A)
    .ARM.Collect$$$$0000000B                 0x000000c8   Section        8  entry9a.o(.ARM.Collect$$$$0000000B)
    .ARM.Collect$$$$0000000D                 0x000000d0   Section        0  entry10a.o(.ARM.Collect$$$$0000000D)
    .ARM.Collect$$$$0000000F                 0x000000d0   Section        0  entry11a.o(.ARM.Collect$$$$0000000F)
    .ARM.Collect$$$$00002712                 0x000000d0   Section        4  entry2.o(.ARM.Collect$$$$00002712)
    __lit__00000000                          0x000000d0   Data           4  entry2.o(.ARM.Collect$$$$00002712)
    .text                                    0x000000d4   Section       40  startup_mkl25z4.o(.text)
    .text                                    0x000000fc   Section        0  uidiv.o(.text)
    .text                                    0x00000128   Section       36  init.o(.text)
    i.SystemCoreClockUpdate                  0x0000014c   Section        0  system_mkl25z4.o(i.SystemCoreClockUpdate)
    i.SystemInit                             0x000002dc   Section        0  system_mkl25z4.o(i.SystemInit)
    i.__ARM_common_switch8                   0x000002e8   Section        0  system_mkl25z4.o(i.__ARM_common_switch8)
    i.__scatterload_copy                     0x00000304   Section       14  handlers.o(i.__scatterload_copy)
    i.__scatterload_null                     0x00000312   Section        2  handlers.o(i.__scatterload_null)
    i.__scatterload_zeroinit                 0x00000314   Section       14  handlers.o(i.__scatterload_zeroinit)
    i.delay                                  0x00000322   Section        0  led.o(i.delay)
    delay                                    0x00000323   Thumb Code    20  led.o(i.delay)
    i.flashLED                               0x00000336   Section        0  led.o(i.flashLED)
    i.greenLEDControl                        0x0000035a   Section        0  led.o(i.greenLEDControl)
    i.greenRunning                           0x00000370   Section        0  led.o(i.greenRunning)
    i.greenStationary                        0x000003b4   Section        0  led.o(i.greenStationary)
    i.main                                   0x000003bc   Section        0  led.o(i.main)
    i.redLEDControl                          0x000003de   Section        0  led.o(i.redLEDControl)
    .ARM.__at_0x400                          0x00000400   Section       16  startup_mkl25z4.o(.ARM.__at_0x400)
    i.initLEDs                               0x00000410   Section        0  led.o(i.initLEDs)
    i.offAllGreenLEDs                        0x00000634   Section        0  led.o(i.offAllGreenLEDs)
    i.offAllRedLEDs                          0x00000678   Section        0  led.o(i.offAllRedLEDs)
    i.onAllGreenLEDS                         0x000006d8   Section        0  led.o(i.onAllGreenLEDS)
    i.onAllRedLEDs                           0x0000071c   Section        0  led.o(i.onAllRedLEDs)
    i.redRunning                             0x0000077c   Section        0  led.o(i.redRunning)
    i.redStationary                          0x00000790   Section        0  led.o(i.redStationary)
    i.setLED                                 0x000007a4   Section        0  led.o(i.setLED)
    .data                                    0x1ffff000   Section      160  led.o(.data)
    .data                                    0x1ffff0a0   Section        4  system_mkl25z4.o(.data)
    STACK                                    0x1ffff0a8   Section      256  startup_mkl25z4.o(STACK)

    Global Symbols

    Symbol Name                              Value     Ov Type        Size  Object(Section)

    BuildAttributes$$THM_ISAv3M$S$PE$A:L22$X:L11$S22$IEEE1$IW$USESV6$~STKCKD$USESV7$~SHL$OSPACE$EBA8$MICROLIB$REQ8$PRES8$EABIv2 0x00000000   Number         0  anon$$obj.o ABSOLUTE
    __ARM_use_no_argv                        0x00000000   Number         0  led.o ABSOLUTE
    __Vectors                                0x00000000   Data           4  startup_mkl25z4.o(RESET)
    __cpp_initialize__aeabi_                  - Undefined Weak Reference
    __cxa_finalize                            - Undefined Weak Reference
    __decompress                              - Undefined Weak Reference
    _clock_init                               - Undefined Weak Reference
    _microlib_exit                            - Undefined Weak Reference
    __Vectors_End                            0x000000c0   Data           0  startup_mkl25z4.o(RESET)
    __Vectors_Size                           0x000000c0   Number         0  startup_mkl25z4.o ABSOLUTE
    __main                                   0x000000c1   Thumb Code     0  entry.o(.ARM.Collect$$$$00000000)
    _main_stk                                0x000000c1   Thumb Code     0  entry2.o(.ARM.Collect$$$$00000001)
    _main_scatterload                        0x000000c5   Thumb Code     0  entry5.o(.ARM.Collect$$$$00000004)
    __main_after_scatterload                 0x000000c9   Thumb Code     0  entry5.o(.ARM.Collect$$$$00000004)
    _main_clock                              0x000000c9   Thumb Code     0  entry7b.o(.ARM.Collect$$$$00000008)
    _main_cpp_init                           0x000000c9   Thumb Code     0  entry8b.o(.ARM.Collect$$$$0000000A)
    _main_init                               0x000000c9   Thumb Code     0  entry9a.o(.ARM.Collect$$$$0000000B)
    __rt_final_cpp                           0x000000d1   Thumb Code     0  entry10a.o(.ARM.Collect$$$$0000000D)
    __rt_final_exit                          0x000000d1   Thumb Code     0  entry11a.o(.ARM.Collect$$$$0000000F)
    Reset_Handler                            0x000000d5   Thumb Code    12  startup_mkl25z4.o(.text)
    NMI_Handler                              0x000000e1   Thumb Code     2  startup_mkl25z4.o(.text)
    HardFault_Handler                        0x000000e3   Thumb Code     2  startup_mkl25z4.o(.text)
    SVC_Handler                              0x000000e5   Thumb Code     2  startup_mkl25z4.o(.text)
    PendSV_Handler                           0x000000e7   Thumb Code     2  startup_mkl25z4.o(.text)
    SysTick_Handler                          0x000000e9   Thumb Code     2  startup_mkl25z4.o(.text)
    ADC0_IRQHandler                          0x000000eb   Thumb Code     0  startup_mkl25z4.o(.text)
    CMP0_IRQHandler                          0x000000eb   Thumb Code     0  startup_mkl25z4.o(.text)
    DAC0_IRQHandler                          0x000000eb   Thumb Code     0  startup_mkl25z4.o(.text)
    DMA0_IRQHandler                          0x000000eb   Thumb Code     0  startup_mkl25z4.o(.text)
    DMA1_IRQHandler                          0x000000eb   Thumb Code     0  startup_mkl25z4.o(.text)
    DMA2_IRQHandler                          0x000000eb   Thumb Code     0  startup_mkl25z4.o(.text)
    DMA3_IRQHandler                          0x000000eb   Thumb Code     0  startup_mkl25z4.o(.text)
    DefaultISR                               0x000000eb   Thumb Code     0  startup_mkl25z4.o(.text)
    FTFA_IRQHandler                          0x000000eb   Thumb Code     0  startup_mkl25z4.o(.text)
    I2C0_IRQHandler                          0x000000eb   Thumb Code     0  startup_mkl25z4.o(.text)
    I2C1_IRQHandler                          0x000000eb   Thumb Code     0  startup_mkl25z4.o(.text)
    LLWU_IRQHandler                          0x000000eb   Thumb Code     0  startup_mkl25z4.o(.text)
    LPTMR0_IRQHandler                        0x000000eb   Thumb Code     0  startup_mkl25z4.o(.text)
    LVD_LVW_IRQHandler                       0x000000eb   Thumb Code     0  startup_mkl25z4.o(.text)
    MCG_IRQHandler                           0x000000eb   Thumb Code     0  startup_mkl25z4.o(.text)
    PIT_IRQHandler                           0x000000eb   Thumb Code     0  startup_mkl25z4.o(.text)
    PORTA_IRQHandler                         0x000000eb   Thumb Code     0  startup_mkl25z4.o(.text)
    PORTD_IRQHandler                         0x000000eb   Thumb Code     0  startup_mkl25z4.o(.text)
    RTC_IRQHandler                           0x000000eb   Thumb Code     0  startup_mkl25z4.o(.text)
    RTC_Seconds_IRQHandler                   0x000000eb   Thumb Code     0  startup_mkl25z4.o(.text)
    Reserved20_IRQHandler                    0x000000eb   Thumb Code     0  startup_mkl25z4.o(.text)
    Reserved39_IRQHandler                    0x000000eb   Thumb Code     0  startup_mkl25z4.o(.text)
    Reserved45_IRQHandler                    0x000000eb   Thumb Code     0  startup_mkl25z4.o(.text)
    SPI0_IRQHandler                          0x000000eb   Thumb Code     0  startup_mkl25z4.o(.text)
    SPI1_IRQHandler                          0x000000eb   Thumb Code     0  startup_mkl25z4.o(.text)
    TPM0_IRQHandler                          0x000000eb   Thumb Code     0  startup_mkl25z4.o(.text)
    TPM1_IRQHandler                          0x000000eb   Thumb Code     0  startup_mkl25z4.o(.text)
    TPM2_IRQHandler                          0x000000eb   Thumb Code     0  startup_mkl25z4.o(.text)
    TSI0_IRQHandler                          0x000000eb   Thumb Code     0  startup_mkl25z4.o(.text)
    UART0_IRQHandler                         0x000000eb   Thumb Code     0  startup_mkl25z4.o(.text)
    UART1_IRQHandler                         0x000000eb   Thumb Code     0  startup_mkl25z4.o(.text)
    UART2_IRQHandler                         0x000000eb   Thumb Code     0  startup_mkl25z4.o(.text)
    USB0_IRQHandler                          0x000000eb   Thumb Code     0  startup_mkl25z4.o(.text)
    __aeabi_uidiv                            0x000000fd   Thumb Code     0  uidiv.o(.text)
    __aeabi_uidivmod                         0x000000fd   Thumb Code    44  uidiv.o(.text)
    __scatterload                            0x00000129   Thumb Code    28  init.o(.text)
    __scatterload_rt2                        0x00000129   Thumb Code     0  init.o(.text)
    SystemCoreClockUpdate                    0x0000014d   Thumb Code   372  system_mkl25z4.o(i.SystemCoreClockUpdate)
    SystemInit                               0x000002dd   Thumb Code     8  system_mkl25z4.o(i.SystemInit)
    __ARM_common_switch8                     0x000002e9   Thumb Code    28  system_mkl25z4.o(i.__ARM_common_switch8)
    __scatterload_copy                       0x00000305   Thumb Code    14  handlers.o(i.__scatterload_copy)
    __scatterload_null                       0x00000313   Thumb Code     2  handlers.o(i.__scatterload_null)
    __scatterload_zeroinit                   0x00000315   Thumb Code    14  handlers.o(i.__scatterload_zeroinit)
    flashLED                                 0x00000337   Thumb Code    36  led.o(i.flashLED)
    greenLEDControl                          0x0000035b   Thumb Code    20  led.o(i.greenLEDControl)
    greenRunning                             0x00000371   Thumb Code    54  led.o(i.greenRunning)
    greenStationary                          0x000003b5   Thumb Code     8  led.o(i.greenStationary)
    main                                     0x000003bd   Thumb Code    34  led.o(i.main)
    redLEDControl                            0x000003df   Thumb Code    20  led.o(i.redLEDControl)
    initLEDs                                 0x00000411   Thumb Code   508  led.o(i.initLEDs)
    offAllGreenLEDs                          0x00000635   Thumb Code    54  led.o(i.offAllGreenLEDs)
    offAllRedLEDs                            0x00000679   Thumb Code    80  led.o(i.offAllRedLEDs)
    onAllGreenLEDS                           0x000006d9   Thumb Code    54  led.o(i.onAllGreenLEDS)
    onAllRedLEDs                             0x0000071d   Thumb Code    80  led.o(i.onAllRedLEDs)
    redRunning                               0x0000077d   Thumb Code    20  led.o(i.redRunning)
    redStationary                            0x00000791   Thumb Code    20  led.o(i.redStationary)
    setLED                                   0x000007a5   Thumb Code    30  led.o(i.setLED)
    Region$$Table$$Base                      0x000007c4   Number         0  anon$$obj.o(Region$$Table)
    Region$$Table$$Limit                     0x000007e4   Number         0  anon$$obj.o(Region$$Table)
    greenPins                                0x1ffff000   Data          40  led.o(.data)
    greenPinsB                               0x1ffff028   Data          16  led.o(.data)
    greenPinsE                               0x1ffff038   Data          24  led.o(.data)
    redPins                                  0x1ffff050   Data          40  led.o(.data)
    redPinsE                                 0x1ffff078   Data          16  led.o(.data)
    redPinsC                                 0x1ffff088   Data           8  led.o(.data)
    redPinsB                                 0x1ffff090   Data          16  led.o(.data)
    SystemCoreClock                          0x1ffff0a0   Data           4  system_mkl25z4.o(.data)
    __initial_sp                             0x1ffff1a8   Data           0  startup_mkl25z4.o(STACK)



==============================================================================

Memory Map of the image

  Image Entry point : 0x000000d5

  Load Region LR_1 (Base: 0x00000000, Size: 0x00000888, Max: 0xffffffff, ABSOLUTE)

    Execution Region ER_RO (Exec base: 0x00000000, Load base: 0x00000000, Size: 0x000007e4, Max: 0xffffffff, ABSOLUTE)

    Exec Addr    Load Addr    Size         Type   Attr      Idx    E Section Name        Object

    0x00000000   0x00000000   0x000000c0   Data   RO          136    RESET               startup_mkl25z4.o
    0x000000c0   0x000000c0   0x00000000   Code   RO          178  * .ARM.Collect$$$$00000000  mc_p.l(entry.o)
    0x000000c0   0x000000c0   0x00000004   Code   RO          183    .ARM.Collect$$$$00000001  mc_p.l(entry2.o)
    0x000000c4   0x000000c4   0x00000004   Code   RO          186    .ARM.Collect$$$$00000004  mc_p.l(entry5.o)
    0x000000c8   0x000000c8   0x00000000   Code   RO          188    .ARM.Collect$$$$00000008  mc_p.l(entry7b.o)
    0x000000c8   0x000000c8   0x00000000   Code   RO          190    .ARM.Collect$$$$0000000A  mc_p.l(entry8b.o)
    0x000000c8   0x000000c8   0x00000008   Code   RO          191    .ARM.Collect$$$$0000000B  mc_p.l(entry9a.o)
    0x000000d0   0x000000d0   0x00000000   Code   RO          193    .ARM.Collect$$$$0000000D  mc_p.l(entry10a.o)
    0x000000d0   0x000000d0   0x00000000   Code   RO          195    .ARM.Collect$$$$0000000F  mc_p.l(entry11a.o)
    0x000000d0   0x000000d0   0x00000004   Code   RO          184    .ARM.Collect$$$$00002712  mc_p.l(entry2.o)
    0x000000d4   0x000000d4   0x00000028   Code   RO          138  * .text               startup_mkl25z4.o
    0x000000fc   0x000000fc   0x0000002c   Code   RO          181    .text               mc_p.l(uidiv.o)
    0x00000128   0x00000128   0x00000024   Code   RO          197    .text               mc_p.l(init.o)
    0x0000014c   0x0000014c   0x00000190   Code   RO          146    i.SystemCoreClockUpdate  system_mkl25z4.o
    0x000002dc   0x000002dc   0x0000000c   Code   RO          147    i.SystemInit        system_mkl25z4.o
    0x000002e8   0x000002e8   0x0000001c   Code   RO          170    i.__ARM_common_switch8  system_mkl25z4.o
    0x00000304   0x00000304   0x0000000e   Code   RO          201    i.__scatterload_copy  mc_p.l(handlers.o)
    0x00000312   0x00000312   0x00000002   Code   RO          202    i.__scatterload_null  mc_p.l(handlers.o)
    0x00000314   0x00000314   0x0000000e   Code   RO          203    i.__scatterload_zeroinit  mc_p.l(handlers.o)
    0x00000322   0x00000322   0x00000014   Code   RO            3    i.delay             led.o
    0x00000336   0x00000336   0x00000024   Code   RO            4    i.flashLED          led.o
    0x0000035a   0x0000035a   0x00000014   Code   RO            5    i.greenLEDControl   led.o
    0x0000036e   0x0000036e   0x00000002   PAD
    0x00000370   0x00000370   0x00000044   Code   RO            6    i.greenRunning      led.o
    0x000003b4   0x000003b4   0x00000008   Code   RO            7    i.greenStationary   led.o
    0x000003bc   0x000003bc   0x00000022   Code   RO            9    i.main              led.o
    0x000003de   0x000003de   0x00000014   Code   RO           14    i.redLEDControl     led.o
    0x000003f2   0x000003f2   0x0000000e   PAD
    0x00000400   0x00000400   0x00000010   Code   RO          137    .ARM.__at_0x400     startup_mkl25z4.o
    0x00000410   0x00000410   0x00000224   Code   RO            8    i.initLEDs          led.o
    0x00000634   0x00000634   0x00000044   Code   RO           10    i.offAllGreenLEDs   led.o
    0x00000678   0x00000678   0x00000060   Code   RO           11    i.offAllRedLEDs     led.o
    0x000006d8   0x000006d8   0x00000044   Code   RO           12    i.onAllGreenLEDS    led.o
    0x0000071c   0x0000071c   0x00000060   Code   RO           13    i.onAllRedLEDs      led.o
    0x0000077c   0x0000077c   0x00000014   Code   RO           15    i.redRunning        led.o
    0x00000790   0x00000790   0x00000014   Code   RO           16    i.redStationary     led.o
    0x000007a4   0x000007a4   0x0000001e   Code   RO           17    i.setLED            led.o
    0x000007c2   0x000007c2   0x00000002   PAD
    0x000007c4   0x000007c4   0x00000020   Data   RO          199    Region$$Table       anon$$obj.o


    Execution Region ER_RW (Exec base: 0x1ffff000, Load base: 0x000007e4, Size: 0x000000a4, Max: 0xffffffff, ABSOLUTE)

    Exec Addr    Load Addr    Size         Type   Attr      Idx    E Section Name        Object

    0x1ffff000   0x000007e4   0x000000a0   Data   RW           18    .data               led.o
    0x1ffff0a0   0x00000884   0x00000004   Data   RW          148    .data               system_mkl25z4.o


    Execution Region ER_ZI (Exec base: 0x1ffff0a4, Load base: 0x00000888, Size: 0x00000104, Max: 0xffffffff, ABSOLUTE)

    Exec Addr    Load Addr    Size         Type   Attr      Idx    E Section Name        Object

    0x1ffff0a4   0x00000888   0x00000004   PAD
    0x1ffff0a8        -       0x00000100   Zero   RW          134    STACK               startup_mkl25z4.o


==============================================================================

Image component sizes


      Code (inc. data)   RO Data    RW Data    ZI Data      Debug   Object Name

      1152        114          0        160          0     224613   led.o
        56         30        192          0        256        828   startup_mkl25z4.o
       440         42          0          4          0       1531   system_mkl25z4.o

    ----------------------------------------------------------------------
      1666        186        224        164        260     226972   Object Totals
         0          0         32          0          0          0   (incl. Generated)
        18          0          0          0          4          0   (incl. Padding)

    ----------------------------------------------------------------------

      Code (inc. data)   RO Data    RW Data    ZI Data      Debug   Library Member Name

         0          0          0          0          0          0   entry.o
         0          0          0          0          0          0   entry10a.o
         0          0          0          0          0          0   entry11a.o
         8          4          0          0          0          0   entry2.o
         4          0          0          0          0          0   entry5.o
         0          0          0          0          0          0   entry7b.o
         0          0          0          0          0          0   entry8b.o
         8          4          0          0          0          0   entry9a.o
        30          0          0          0          0          0   handlers.o
        36          8          0          0          0         68   init.o
        44          0          0          0          0         72   uidiv.o

    ----------------------------------------------------------------------
       130         16          0          0          0        140   Library Totals
         0          0          0          0          0          0   (incl. Padding)

    ----------------------------------------------------------------------

      Code (inc. data)   RO Data    RW Data    ZI Data      Debug   Library Name

       130         16          0          0          0        140   mc_p.l

    ----------------------------------------------------------------------
       130         16          0          0          0        140   Library Totals

    ----------------------------------------------------------------------

==============================================================================


      Code (inc. data)   RO Data    RW Data    ZI Data      Debug   

      1796        202        224        164        260     226560   Grand Totals
      1796        202        224        164        260     226560   ELF Image Totals
      1796        202        224        164          0          0   ROM Totals

==============================================================================

    Total RO  Size (Code + RO Data)                 2020 (   1.97kB)
    Total RW  Size (RW Data + ZI Data)               424 (   0.41kB)
    Total ROM Size (Code + RO Data + RW Data)       2184 (   2.13kB)

==============================================================================

